// Jest Snapshot v1, https://goo.gl/fbAQLP

exports[`renders correctly 1`] = `
<div
  className="movie-card__reviews movie-card__row"
>
  <div
    className="movie-card__reviews-col"
  />
  <div
    className="movie-card__reviews-col"
  >
    <div
      className="review"
    >
      <blockquote
        className="review__quote"
      >
        <p
          className="review__text"
        >
          qwerty
        </p>
        <footer
          className="review__details"
        >
          <cite
            className="review__author"
          >
            name
          </cite>
          <time
            className="review__date"
            dateTime="Invalid Date"
          >
            Invalid Date
          </time>
        </footer>
      </blockquote>
      <div
        className="review__rating"
      >
        5
      </div>
    </div>
  </div>
</div>
`;
