// Jest Snapshot v1, https://goo.gl/fbAQLP

exports[`renders correctly 1`] = `
<video
  className="player__video"
  muted={true}
  poster="img/bohemian-rhapsody.jpg"
>
  <source
    src="2.mp4"
    type="video/mp4"
  />
</video>
`;
