// Jest Snapshot v1, https://goo.gl/fbAQLP

exports[`renders correctly 1`] = `
<div
  className="user-page"
>
  <header
    className="page-header user-page__head"
  >
    <div
      className="logo"
    >
      <a
        className="logo__link logo__link--undefined"
        href="/"
        onClick={[Function]}
      >
        <span
          className="logo__letter logo__letter--1"
        >
          W
        </span>
        <span
          className="logo__letter logo__letter--2"
        >
          T
        </span>
        <span
          className="logo__letter logo__letter--3"
        >
          W
        </span>
      </a>
    </div>
    <h1
      className="page-title user-page__title"
    >
      Sign in
    </h1>
    <div
      className="user-block"
    >
      <div
        className="user-block__avatar"
      >
        <a
          href="/favorites"
          onClick={[Function]}
        >
          <img
            alt="User avatar"
            height="63"
            src="https://es31-server.appspot.com/wtw/static/avatar/7.jpg"
            width="63"
          />
        </a>
      </div>
    </div>
  </header>
  <div
    className="sign-in user-page__content"
  >
    <form
      action="#"
      className="sign-in__form"
      onSubmit={[Function]}
    >
      <div
        className="sign-in__message"
      >
        <p />
      </div>
      <div
        className="sign-in__fields"
      >
        <div
          className="sign-in__field"
        >
          <input
            autoComplete="username email"
            className="sign-in__input"
            id="user-email"
            name="user-email"
            onChange={[Function]}
            placeholder="Email address"
            type="email"
          />
          <label
            className="sign-in__label visually-hidden"
            htmlFor="user-email"
          >
            Email address
          </label>
        </div>
        <div
          className="sign-in__field"
        >
          <input
            autoComplete="current-password"
            className="sign-in__input"
            id="user-password"
            name="user-password"
            onChange={[Function]}
            placeholder="Password"
            type="password"
          />
          <label
            className="sign-in__label visually-hidden"
            htmlFor="user-password"
          >
            Password
          </label>
        </div>
      </div>
      <div
        className="sign-in__submit"
      >
        <button
          className="sign-in__btn"
          type="submit"
        >
          Sign in
        </button>
      </div>
    </form>
  </div>
  <footer
    className="page-footer"
  >
    <div
      className="logo"
    >
      <a
        className="logo__link logo__link--light"
        href="/"
        onClick={[Function]}
      >
        <span
          className="logo__letter logo__letter--1"
        >
          W
        </span>
        <span
          className="logo__letter logo__letter--2"
        >
          T
        </span>
        <span
          className="logo__letter logo__letter--3"
        >
          W
        </span>
      </a>
    </div>
    <div
      className="copyright"
    >
      <p>
        Â© 2019 What to watch Ltd.
      </p>
    </div>
  </footer>
</div>
`;
